configargparse
--------------
config file doesnt allow ';' in html-preamble, preventing css rules.
https://github.com/bw2/ConfigArgParse/issues/37


citeproc
--------

BibTex loading

- Parser hangs : https://github.com/brechtm/citeproc-py/issues/53

- add 'issue' and 'volume' to the list of fields??? Not sure if this is needed.

  UserWarning: Unsupported BibTeX field 'issue'
  pes:4985
  https://e-publications.une.edu.au/vital/access/manager/Repository/une:1335

/home/jayvdb/projects/citeproc/citeproc-py/citeproc/source/bibtex/bibtex.py:96: UserWarning: Unsupported BibTeX field 'issue'
  warn("Unsupported BibTeX field '{}'".format(field))
article une-20100224-144351

xml2bib: Processed 1 references.
/home/jayvdb/projects/citeproc/citeproc-py/citeproc/source/bibtex/bibtex.py:96: UserWarning: Unsupported BibTeX field 'issue'
  warn("Unsupported BibTeX field '{}'".format(field))
article une-20131105-095257

  Cant reproduce with 'volume' yet.

- https://e-publications.une.edu.au/vital/access/manager/Repository/une:173
  Invalid page number range '11.1-11.21'
  https://github.com/brechtm/citeproc-py/pull/51

- date parsing fails on a year of '2010/2011'
  https://github.com/brechtm/citeproc-py/pull/54

- citeproc-py changes conference pubs in bibtex to be book in json

- add fields doi and url
  doi: https://e-publications.une.edu.au/vital/access/manager/Repository/une:1
  url: https://e-publications.une.edu.au/vital/access/manager/Repository/une:4
- add language
  https://e-publications.une.edu.au/vital/access/manager/Repository/une:1

- add abstract : https://e-publications.une.edu.au/vital/access/manager/Repository/une:1
  
- add contents?
  pes:3588 or pes:4601
  UserWarning: Unsupported BibTeX field 'contents'

- add keywords
  pes:1061

- add school
  UserWarning: Unsupported BibTeX field 'school'
  https://e-publications.une.edu.au/vital/access/manager/Repository/une:1179

xml2bib
-------

Thesis are not handled due to non-standard genre.

The error is: Cannot identify TYPE in reference 1  une_thesis-20090324-065555 (defaulting to @Misc)


---------

[jayvdb@localhost citeproc-py]$ git checkout -b ap-2016-cherries
Switched to a new branch 'ap-2016-cherries'
[jayvdb@localhost citeproc-py]$ git cherry-pick py32
[ap-2016-cherries 085ffc7] Remove Python 3.2 travis build
 Date: Sun Feb 14 20:37:57 2016 +1100
 1 file changed, 1 deletion(-)
[jayvdb@localhost citeproc-py]$ git cherry-pick page-number-parsing
[ap-2016-cherries 178cb01] BibTeX: Relax page number parsing
 Date: Sun Feb 14 20:33:22 2016 +1100
 2 files changed, 9 insertions(+), 2 deletions(-)
[jayvdb@localhost citeproc-py]$ git cherry-pick bibtex-literal-date
[ap-2016-cherries 4a1d12b] BibTeX literal dates
 Date: Mon Feb 15 09:19:16 2016 +1100
 1 file changed, 21 insertions(+), 2 deletions(-)
[jayvdb@localhost citeproc-py]$ git cherry-pick macros
[ap-2016-cherries b095e06] Add some macros
 Date: Mon Feb 15 09:27:26 2016 +1100
 1 file changed, 4 insertions(+)

